// Jest Snapshot v1, https://goo.gl/fbAQLP

exports[`<Header /> Should render and match the snapshot 1`] = `
<div
  class="ui menu"
>
  <div
    class="item"
  >
    <img
      class="ui mini image"
      src="https://react.semantic-ui.com/logo.png"
    />
  </div>
  <div
    class="right menu"
  >
    <a
      class="item"
    >
      Login
    </a>
    <a
      class="item"
    >
      Register
    </a>
  </div>
</div>
`;
